2026-05-26 20:53:40.449630: I tensorflow/core/util/port.cc:113] oneDNN custom operations are on. You may see slightly different numerical results due to floating-point round-off errors from different computation orders. To turn them off, set the environment variable `TF_ENABLE_ONEDNN_OPTS=0`.
2026-05-26 20:53:40.490890: E external/local_xla/xla/stream_executor/cuda/cuda_dnn.cc:9261] Unable to register cuDNN factory: Attempting to register factory for plugin cuDNN when one has already been registered
2026-05-26 20:53:40.490941: E external/local_xla/xla/stream_executor/cuda/cuda_fft.cc:607] Unable to register cuFFT factory: Attempting to register factory for plugin cuFFT when one has already been registered
2026-05-26 20:53:40.492123: E external/local_xla/xla/stream_executor/cuda/cuda_blas.cc:1515] Unable to register cuBLAS factory: Attempting to register factory for plugin cuBLAS when one has already been registered
2026-05-26 20:53:40.498261: I tensorflow/core/platform/cpu_feature_guard.cc:182] This TensorFlow binary is optimized to use available CPU instructions in performance-critical operations.
To enable the following instructions: AVX2 AVX512F AVX512_VNNI FMA, in other operations, rebuild TensorFlow with the appropriate compiler flags.
/data/ziheng/conda_envs/fairness/lib/python3.10/site-packages/google/api_core/_python_version_support.py:275: FutureWarning: You are using a Python version (3.10.20) which Google will stop supporting in new releases of google.api_core once it reaches its end of life (2026-10-04). Please upgrade to the latest Python version, or at least Python 3.11, to continue receiving updates for google.api_core past that date.
  warnings.warn(message, FutureWarning)
2026-05-26 20:53:41.360810: W tensorflow/compiler/tf2tensorrt/utils/py_utils.cc:38] TF-TRT Warning: Could not find TensorRT
/data/ziheng/conda_envs/fairness/lib/python3.10/site-packages/google/api_core/_python_version_support.py:275: FutureWarning: You are using a Python version (3.10.20) which Google will stop supporting in new releases of google.cloud.bigquery_storage_v1 once it reaches its end of life (2026-10-04). Please upgrade to the latest Python version, or at least Python 3.11, to continue receiving updates for google.cloud.bigquery_storage_v1 past that date.
  warnings.warn(message, FutureWarning)
/data/ziheng/conda_envs/fairness/lib/python3.10/site-packages/google/api_core/_python_version_support.py:275: FutureWarning: You are using a Python version (3.10.20) which Google will stop supporting in new releases of google.pubsub_v1 once it reaches its end of life (2026-10-04). Please upgrade to the latest Python version, or at least Python 3.11, to continue receiving updates for google.pubsub_v1 past that date.
  warnings.warn(message, FutureWarning)
2026-05-26 20:53:44.492193: I tensorflow/core/common_runtime/gpu/gpu_device.cc:1929] Created device /job:localhost/replica:0/task:0/device:GPU:0 with 79194 MB memory:  -> device: 0, name: NVIDIA A800 80GB PCIe, pci bus id: 0000:34:00.0, compute capability: 8.0
2026-05-26 20:53:44.493461: I tensorflow/core/common_runtime/gpu/gpu_device.cc:1929] Created device /job:localhost/replica:0/task:0/device:GPU:1 with 79194 MB memory:  -> device: 1, name: NVIDIA A800 80GB PCIe, pci bus id: 0000:35:00.0, compute capability: 8.0
2026-05-26 20:53:46.037896: E external/local_xla/xla/stream_executor/gpu/asm_compiler.cc:115] *** WARNING *** You are using ptxas 10.1.243, which is older than 11.1. ptxas before 11.1 is known to miscompile XLA code, leading to incorrect results or invalid-address errors.

2026-05-26 20:53:46.037946: E external/local_xla/xla/stream_executor/gpu/asm_compiler.cc:115] *** WARNING *** You are using ptxas 10.1.243, which is older than 11.1. ptxas before 11.1 is known to miscompile XLA code, leading to incorrect results or invalid-address errors.

2026-05-26 20:53:46.037987: E external/local_xla/xla/stream_executor/gpu/asm_compiler.cc:115] *** WARNING *** You are using ptxas 10.1.243, which is older than 11.1. ptxas before 11.1 is known to miscompile XLA code, leading to incorrect results or invalid-address errors.

2026-05-26 20:53:46.038030: E external/local_xla/xla/stream_executor/gpu/asm_compiler.cc:115] *** WARNING *** You are using ptxas 10.1.243, which is older than 11.1. ptxas before 11.1 is known to miscompile XLA code, leading to incorrect results or invalid-address errors.

2026-05-26 20:53:46.038069: E external/local_xla/xla/stream_executor/gpu/asm_compiler.cc:115] *** WARNING *** You are using ptxas 10.1.243, which is older than 11.1. ptxas before 11.1 is known to miscompile XLA code, leading to incorrect results or invalid-address errors.

2026-05-26 20:53:46.038109: E external/local_xla/xla/stream_executor/gpu/asm_compiler.cc:115] *** WARNING *** You are using ptxas 10.1.243, which is older than 11.1. ptxas before 11.1 is known to miscompile XLA code, leading to incorrect results or invalid-address errors.

2026-05-26 20:53:46.038148: E external/local_xla/xla/stream_executor/gpu/asm_compiler.cc:115] *** WARNING *** You are using ptxas 10.1.243, which is older than 11.1. ptxas before 11.1 is known to miscompile XLA code, leading to incorrect results or invalid-address errors.

2026-05-26 20:53:46.038195: E external/local_xla/xla/stream_executor/gpu/asm_compiler.cc:115] *** WARNING *** You are using ptxas 10.1.243, which is older than 11.1. ptxas before 11.1 is known to miscompile XLA code, leading to incorrect results or invalid-address errors.

2026-05-26 20:53:46.039373: W external/local_xla/xla/stream_executor/gpu/asm_compiler.cc:225] Falling back to the CUDA driver for PTX compilation; ptxas does not support CC 8.0
2026-05-26 20:53:46.039390: W external/local_xla/xla/stream_executor/gpu/asm_compiler.cc:228] Used ptxas at ptxas
2026-05-26 20:53:46.039432: W tensorflow/compiler/mlir/tools/kernel_gen/transforms/gpu_kernel_to_blob_pass.cc:191] Failed to compile generated PTX with ptxas. Falling back to compilation by driver.
2026-05-26 20:53:46.039447: W tensorflow/compiler/mlir/tools/kernel_gen/transforms/gpu_kernel_to_blob_pass.cc:191] Failed to compile generated PTX with ptxas. Falling back to compilation by driver.
2026-05-26 20:53:46.039613: W tensorflow/compiler/mlir/tools/kernel_gen/transforms/gpu_kernel_to_blob_pass.cc:191] Failed to compile generated PTX with ptxas. Falling back to compilation by driver.
2026-05-26 20:53:46.068410: W tensorflow/compiler/mlir/tools/kernel_gen/transforms/gpu_kernel_to_blob_pass.cc:191] Failed to compile generated PTX with ptxas. Falling back to compilation by driver.
2026-05-26 20:53:46.068432: W tensorflow/compiler/mlir/tools/kernel_gen/transforms/gpu_kernel_to_blob_pass.cc:191] Failed to compile generated PTX with ptxas. Falling back to compilation by driver.
2026-05-26 20:53:46.068462: W tensorflow/compiler/mlir/tools/kernel_gen/transforms/gpu_kernel_to_blob_pass.cc:191] Failed to compile generated PTX with ptxas. Falling back to compilation by driver.
2026-05-26 20:53:46.068493: W tensorflow/compiler/mlir/tools/kernel_gen/transforms/gpu_kernel_to_blob_pass.cc:191] Failed to compile generated PTX with ptxas. Falling back to compilation by driver.
2026-05-26 20:53:46.068518: W tensorflow/compiler/mlir/tools/kernel_gen/transforms/gpu_kernel_to_blob_pass.cc:191] Failed to compile generated PTX with ptxas. Falling back to compilation by driver.
/data/ziheng/conda_envs/fairness/lib/python3.10/site-packages/keras/src/engine/functional.py:642: UserWarning: Input dict contained keys ['RELP', 'SEX'] which did not match any model input. They will be ignored by the model.
  inputs = self._flatten_to_reference_inputs(inputs)
2026-05-26 20:54:00.973940: E external/local_xla/xla/stream_executor/gpu/asm_compiler.cc:115] *** WARNING *** You are using ptxas 10.1.243, which is older than 11.1. ptxas before 11.1 is known to miscompile XLA code, leading to incorrect results or invalid-address errors.

2026-05-26 20:54:00.975542: W tensorflow/compiler/mlir/tools/kernel_gen/transforms/gpu_kernel_to_blob_pass.cc:191] Failed to compile generated PTX with ptxas. Falling back to compilation by driver.
2026-05-26 20:54:01.076274: E external/local_xla/xla/stream_executor/gpu/asm_compiler.cc:115] *** WARNING *** You are using ptxas 10.1.243, which is older than 11.1. ptxas before 11.1 is known to miscompile XLA code, leading to incorrect results or invalid-address errors.

2026-05-26 20:54:01.076790: E external/local_xla/xla/stream_executor/gpu/asm_compiler.cc:115] *** WARNING *** You are using ptxas 10.1.243, which is older than 11.1. ptxas before 11.1 is known to miscompile XLA code, leading to incorrect results or invalid-address errors.

2026-05-26 20:54:01.077320: E external/local_xla/xla/stream_executor/gpu/asm_compiler.cc:115] *** WARNING *** You are using ptxas 10.1.243, which is older than 11.1. ptxas before 11.1 is known to miscompile XLA code, leading to incorrect results or invalid-address errors.

2026-05-26 20:54:01.077668: W tensorflow/compiler/mlir/tools/kernel_gen/transforms/gpu_kernel_to_blob_pass.cc:191] Failed to compile generated PTX with ptxas. Falling back to compilation by driver.
2026-05-26 20:54:01.077981: E external/local_xla/xla/stream_executor/gpu/asm_compiler.cc:115] *** WARNING *** You are using ptxas 10.1.243, which is older than 11.1. ptxas before 11.1 is known to miscompile XLA code, leading to incorrect results or invalid-address errors.

2026-05-26 20:54:01.078294: W tensorflow/compiler/mlir/tools/kernel_gen/transforms/gpu_kernel_to_blob_pass.cc:191] Failed to compile generated PTX with ptxas. Falling back to compilation by driver.
2026-05-26 20:54:01.078646: E external/local_xla/xla/stream_executor/gpu/asm_compiler.cc:115] *** WARNING *** You are using ptxas 10.1.243, which is older than 11.1. ptxas before 11.1 is known to miscompile XLA code, leading to incorrect results or invalid-address errors.

2026-05-26 20:54:01.078731: W tensorflow/compiler/mlir/tools/kernel_gen/transforms/gpu_kernel_to_blob_pass.cc:191] Failed to compile generated PTX with ptxas. Falling back to compilation by driver.
2026-05-26 20:54:01.079111: W tensorflow/compiler/mlir/tools/kernel_gen/transforms/gpu_kernel_to_blob_pass.cc:191] Failed to compile generated PTX with ptxas. Falling back to compilation by driver.
2026-05-26 20:54:01.079998: W tensorflow/compiler/mlir/tools/kernel_gen/transforms/gpu_kernel_to_blob_pass.cc:191] Failed to compile generated PTX with ptxas. Falling back to compilation by driver.
2026-05-26 20:54:01.081187: E external/local_xla/xla/stream_executor/gpu/asm_compiler.cc:115] *** WARNING *** You are using ptxas 10.1.243, which is older than 11.1. ptxas before 11.1 is known to miscompile XLA code, leading to incorrect results or invalid-address errors.

2026-05-26 20:54:01.081272: E external/local_xla/xla/stream_executor/gpu/asm_compiler.cc:115] *** WARNING *** You are using ptxas 10.1.243, which is older than 11.1. ptxas before 11.1 is known to miscompile XLA code, leading to incorrect results or invalid-address errors.

2026-05-26 20:54:01.081549: E external/local_xla/xla/stream_executor/gpu/asm_compiler.cc:115] *** WARNING *** You are using ptxas 10.1.243, which is older than 11.1. ptxas before 11.1 is known to miscompile XLA code, leading to incorrect results or invalid-address errors.

2026-05-26 20:54:01.082683: W tensorflow/compiler/mlir/tools/kernel_gen/transforms/gpu_kernel_to_blob_pass.cc:191] Failed to compile generated PTX with ptxas. Falling back to compilation by driver.
2026-05-26 20:54:01.082703: W tensorflow/compiler/mlir/tools/kernel_gen/transforms/gpu_kernel_to_blob_pass.cc:191] Failed to compile generated PTX with ptxas. Falling back to compilation by driver.
2026-05-26 20:54:01.082963: W tensorflow/compiler/mlir/tools/kernel_gen/transforms/gpu_kernel_to_blob_pass.cc:191] Failed to compile generated PTX with ptxas. Falling back to compilation by driver.
2026-05-26 20:54:01.302986: E external/local_xla/xla/stream_executor/gpu/asm_compiler.cc:115] *** WARNING *** You are using ptxas 10.1.243, which is older than 11.1. ptxas before 11.1 is known to miscompile XLA code, leading to incorrect results or invalid-address errors.

2026-05-26 20:54:01.304582: W tensorflow/compiler/mlir/tools/kernel_gen/transforms/gpu_kernel_to_blob_pass.cc:191] Failed to compile generated PTX with ptxas. Falling back to compilation by driver.
2026-05-26 20:54:01.345855: E external/local_xla/xla/stream_executor/gpu/asm_compiler.cc:115] *** WARNING *** You are using ptxas 10.1.243, which is older than 11.1. ptxas before 11.1 is known to miscompile XLA code, leading to incorrect results or invalid-address errors.

2026-05-26 20:54:01.347449: W tensorflow/compiler/mlir/tools/kernel_gen/transforms/gpu_kernel_to_blob_pass.cc:191] Failed to compile generated PTX with ptxas. Falling back to compilation by driver.
2026-05-26 20:54:01.379444: E external/local_xla/xla/stream_executor/gpu/asm_compiler.cc:115] *** WARNING *** You are using ptxas 10.1.243, which is older than 11.1. ptxas before 11.1 is known to miscompile XLA code, leading to incorrect results or invalid-address errors.

2026-05-26 20:54:01.381010: W tensorflow/compiler/mlir/tools/kernel_gen/transforms/gpu_kernel_to_blob_pass.cc:191] Failed to compile generated PTX with ptxas. Falling back to compilation by driver.
2026-05-26 20:54:01.414706: E external/local_xla/xla/stream_executor/gpu/asm_compiler.cc:115] *** WARNING *** You are using ptxas 10.1.243, which is older than 11.1. ptxas before 11.1 is known to miscompile XLA code, leading to incorrect results or invalid-address errors.

2026-05-26 20:54:01.416206: W tensorflow/compiler/mlir/tools/kernel_gen/transforms/gpu_kernel_to_blob_pass.cc:191] Failed to compile generated PTX with ptxas. Falling back to compilation by driver.
2026-05-26 20:54:01.519989: E external/local_xla/xla/stream_executor/gpu/asm_compiler.cc:115] *** WARNING *** You are using ptxas 10.1.243, which is older than 11.1. ptxas before 11.1 is known to miscompile XLA code, leading to incorrect results or invalid-address errors.

2026-05-26 20:54:01.520406: E external/local_xla/xla/stream_executor/gpu/asm_compiler.cc:115] *** WARNING *** You are using ptxas 10.1.243, which is older than 11.1. ptxas before 11.1 is known to miscompile XLA code, leading to incorrect results or invalid-address errors.

2026-05-26 20:54:01.521124: E external/local_xla/xla/stream_executor/gpu/asm_compiler.cc:115] *** WARNING *** You are using ptxas 10.1.243, which is older than 11.1. ptxas before 11.1 is known to miscompile XLA code, leading to incorrect results or invalid-address errors.

2026-05-26 20:54:01.521504: E external/local_xla/xla/stream_executor/gpu/asm_compiler.cc:115] *** WARNING *** You are using ptxas 10.1.243, which is older than 11.1. ptxas before 11.1 is known to miscompile XLA code, leading to incorrect results or invalid-address errors.

2026-05-26 20:54:01.521553: W tensorflow/compiler/mlir/tools/kernel_gen/transforms/gpu_kernel_to_blob_pass.cc:191] Failed to compile generated PTX with ptxas. Falling back to compilation by driver.
2026-05-26 20:54:01.521895: W tensorflow/compiler/mlir/tools/kernel_gen/transforms/gpu_kernel_to_blob_pass.cc:191] Failed to compile generated PTX with ptxas. Falling back to compilation by driver.
2026-05-26 20:54:01.522114: E external/local_xla/xla/stream_executor/gpu/asm_compiler.cc:115] *** WARNING *** You are using ptxas 10.1.243, which is older than 11.1. ptxas before 11.1 is known to miscompile XLA code, leading to incorrect results or invalid-address errors.

2026-05-26 20:54:01.522561: W tensorflow/compiler/mlir/tools/kernel_gen/transforms/gpu_kernel_to_blob_pass.cc:191] Failed to compile generated PTX with ptxas. Falling back to compilation by driver.
2026-05-26 20:54:01.522844: W tensorflow/compiler/mlir/tools/kernel_gen/transforms/gpu_kernel_to_blob_pass.cc:191] Failed to compile generated PTX with ptxas. Falling back to compilation by driver.
2026-05-26 20:54:01.523456: W tensorflow/compiler/mlir/tools/kernel_gen/transforms/gpu_kernel_to_blob_pass.cc:191] Failed to compile generated PTX with ptxas. Falling back to compilation by driver.
2026-05-26 20:54:01.524590: E external/local_xla/xla/stream_executor/gpu/asm_compiler.cc:115] *** WARNING *** You are using ptxas 10.1.243, which is older than 11.1. ptxas before 11.1 is known to miscompile XLA code, leading to incorrect results or invalid-address errors.

2026-05-26 20:54:01.524641: E external/local_xla/xla/stream_executor/gpu/asm_compiler.cc:115] *** WARNING *** You are using ptxas 10.1.243, which is older than 11.1. ptxas before 11.1 is known to miscompile XLA code, leading to incorrect results or invalid-address errors.

2026-05-26 20:54:01.525040: E external/local_xla/xla/stream_executor/gpu/asm_compiler.cc:115] *** WARNING *** You are using ptxas 10.1.243, which is older than 11.1. ptxas before 11.1 is known to miscompile XLA code, leading to incorrect results or invalid-address errors.

2026-05-26 20:54:01.526077: W tensorflow/compiler/mlir/tools/kernel_gen/transforms/gpu_kernel_to_blob_pass.cc:191] Failed to compile generated PTX with ptxas. Falling back to compilation by driver.
2026-05-26 20:54:01.526098: W tensorflow/compiler/mlir/tools/kernel_gen/transforms/gpu_kernel_to_blob_pass.cc:191] Failed to compile generated PTX with ptxas. Falling back to compilation by driver.
2026-05-26 20:54:01.526480: W tensorflow/compiler/mlir/tools/kernel_gen/transforms/gpu_kernel_to_blob_pass.cc:191] Failed to compile generated PTX with ptxas. Falling back to compilation by driver.
2026-05-26 20:54:01.725369: E external/local_xla/xla/stream_executor/gpu/asm_compiler.cc:115] *** WARNING *** You are using ptxas 10.1.243, which is older than 11.1. ptxas before 11.1 is known to miscompile XLA code, leading to incorrect results or invalid-address errors.

2026-05-26 20:54:01.726965: W tensorflow/compiler/mlir/tools/kernel_gen/transforms/gpu_kernel_to_blob_pass.cc:191] Failed to compile generated PTX with ptxas. Falling back to compilation by driver.
2026-05-26 20:54:01.769384: E external/local_xla/xla/stream_executor/gpu/asm_compiler.cc:115] *** WARNING *** You are using ptxas 10.1.243, which is older than 11.1. ptxas before 11.1 is known to miscompile XLA code, leading to incorrect results or invalid-address errors.

2026-05-26 20:54:01.770900: W tensorflow/compiler/mlir/tools/kernel_gen/transforms/gpu_kernel_to_blob_pass.cc:191] Failed to compile generated PTX with ptxas. Falling back to compilation by driver.
2026-05-26 20:54:01.807858: E external/local_xla/xla/stream_executor/gpu/asm_compiler.cc:115] *** WARNING *** You are using ptxas 10.1.243, which is older than 11.1. ptxas before 11.1 is known to miscompile XLA code, leading to incorrect results or invalid-address errors.

2026-05-26 20:54:01.809191: W tensorflow/compiler/mlir/tools/kernel_gen/transforms/gpu_kernel_to_blob_pass.cc:191] Failed to compile generated PTX with ptxas. Falling back to compilation by driver.
2026-05-26 20:54:01.870296: E external/local_xla/xla/stream_executor/gpu/asm_compiler.cc:115] *** WARNING *** You are using ptxas 10.1.243, which is older than 11.1. ptxas before 11.1 is known to miscompile XLA code, leading to incorrect results or invalid-address errors.

2026-05-26 20:54:01.871853: W tensorflow/compiler/mlir/tools/kernel_gen/transforms/gpu_kernel_to_blob_pass.cc:191] Failed to compile generated PTX with ptxas. Falling back to compilation by driver.
2026-05-26 20:54:01.895533: I external/local_xla/xla/service/service.cc:168] XLA service 0x7fa75858aa90 initialized for platform CUDA (this does not guarantee that XLA will be used). Devices:
2026-05-26 20:54:01.895569: I external/local_xla/xla/service/service.cc:176]   StreamExecutor device (0): NVIDIA A800 80GB PCIe, Compute Capability 8.0
2026-05-26 20:54:01.895575: I external/local_xla/xla/service/service.cc:176]   StreamExecutor device (1): NVIDIA A800 80GB PCIe, Compute Capability 8.0
2026-05-26 20:54:01.900617: I tensorflow/compiler/mlir/tensorflow/utils/dump_mlir_util.cc:269] disabling MLIR crash reproducer, set env var `MLIR_CRASH_REPRODUCER_DIRECTORY` to enable.
2026-05-26 20:54:01.920245: I external/local_xla/xla/stream_executor/cuda/cuda_dnn.cc:454] Loaded cuDNN version 8904
2026-05-26 20:54:01.946988: E external/local_xla/xla/stream_executor/gpu/asm_compiler.cc:115] *** WARNING *** You are using ptxas 10.1.243, which is older than 11.1. ptxas before 11.1 is known to miscompile XLA code, leading to incorrect results or invalid-address errors.

WARNING: All log messages before absl::InitializeLog() is called are written to STDERR
I0000 00:00:1779800041.967191  812143 device_compiler.h:186] Compiled cluster using XLA!  This line is logged at most once for the lifetime of the process.
2026-05-26 20:54:02.002373: E external/local_xla/xla/stream_executor/gpu/asm_compiler.cc:115] *** WARNING *** You are using ptxas 10.1.243, which is older than 11.1. ptxas before 11.1 is known to miscompile XLA code, leading to incorrect results or invalid-address errors.

2026-05-26 20:54:02.056866: E external/local_xla/xla/stream_executor/gpu/asm_compiler.cc:115] *** WARNING *** You are using ptxas 10.1.243, which is older than 11.1. ptxas before 11.1 is known to miscompile XLA code, leading to incorrect results or invalid-address errors.

2026-05-26 20:54:02.170511: E external/local_xla/xla/stream_executor/gpu/asm_compiler.cc:115] *** WARNING *** You are using ptxas 10.1.243, which is older than 11.1. ptxas before 11.1 is known to miscompile XLA code, leading to incorrect results or invalid-address errors.

2026-05-26 20:54:02.228355: E external/local_xla/xla/stream_executor/gpu/asm_compiler.cc:115] *** WARNING *** You are using ptxas 10.1.243, which is older than 11.1. ptxas before 11.1 is known to miscompile XLA code, leading to incorrect results or invalid-address errors.

/data/ziheng/conda_envs/fairness/lib/python3.10/site-packages/tensorflow_model_analysis/metrics/binary_confusion_matrices.py:155: RuntimeWarning: invalid value encountered in divide
  false_omission_rate = fn / predicated_negatives
WARNING:tensorflow:From /data/ziheng/conda_envs/fairness/lib/python3.10/site-packages/tensorflow_model_analysis/writers/metrics_plots_and_validations_writer.py:112: tf_record_iterator (from tensorflow.python.lib.io.tf_record) is deprecated and will be removed in a future version.
Instructions for updating:
Use eager execution and: 
`tf.data.TFRecordDataset(path)`
WARNING:tensorflow:From /data/ziheng/conda_envs/fairness/lib/python3.10/site-packages/tensorflow_model_analysis/writers/metrics_plots_and_validations_writer.py:112: tf_record_iterator (from tensorflow.python.lib.io.tf_record) is deprecated and will be removed in a future version.
Instructions for updating:
Use eager execution and: 
`tf.data.TFRecordDataset(path)`
================================================================================
  Baseline Model (Following benchmark.ipynb)
================================================================================

Building baseline model...

Training baseline model...
Epoch 01  loss=0.4237 auc=0.8733  val_loss=0.4205 val_auc=0.8767
Epoch 05  loss=0.4121 auc=0.8805  val_loss=0.4144 val_auc=0.8801
Epoch 10  loss=0.4101 auc=0.8815  val_loss=0.4134 val_auc=0.8804

Generating predictions...

Running TFMA evaluation...

TFMA Text Summary: Baseline Model

Slice: SEX=Female
  auc: 0.8615
  binary_accuracy: 0.7780
  example_count: 65819.0000
  fairness_indicators_metrics/false_discovery_rate@0.5: 0.3149
  fairness_indicators_metrics/false_negative_rate@0.5: 0.1323
  fairness_indicators_metrics/false_omission_rate@0.5: 0.1175
  fairness_indicators_metrics/false_positive_rate@0.5: 0.2864
  fairness_indicators_metrics/negative_rate@0.5: 0.4707
  fairness_indicators_metrics/positive_rate@0.5: 0.5293
  fairness_indicators_metrics/precision@0.5: 0.6851
  fairness_indicators_metrics/recall@0.5: 0.8677
  fairness_indicators_metrics/true_negative_rate@0.5: 0.7136
  fairness_indicators_metrics/true_positive_rate@0.5: 0.8677

Slice: SEX=Male
  auc: 0.9049
  binary_accuracy: 0.8361
  example_count: 63564.0000
  fairness_indicators_metrics/false_discovery_rate@0.5: 0.1906
  fairness_indicators_metrics/false_negative_rate@0.5: 0.1289
  fairness_indicators_metrics/false_omission_rate@0.5: 0.1340
  fairness_indicators_metrics/false_positive_rate@0.5: 0.1976
  fairness_indicators_metrics/negative_rate@0.5: 0.4720
  fairness_indicators_metrics/positive_rate@0.5: 0.5280
  fairness_indicators_metrics/precision@0.5: 0.8094
  fairness_indicators_metrics/recall@0.5: 0.8711
  fairness_indicators_metrics/true_negative_rate@0.5: 0.8024
  fairness_indicators_metrics/true_positive_rate@0.5: 0.8711

Slice: Overall
  auc: 0.8805
  binary_accuracy: 0.8066
  example_count: 129383.0000
  fairness_indicators_metrics/false_discovery_rate@0.5: 0.2539
  fairness_indicators_metrics/false_negative_rate@0.5: 0.1305
  fairness_indicators_metrics/false_omission_rate@0.5: 0.1256
  fairness_indicators_metrics/false_positive_rate@0.5: 0.2457
  fairness_indicators_metrics/negative_rate@0.5: 0.4713
  fairness_indicators_metrics/positive_rate@0.5: 0.5287
  fairness_indicators_metrics/precision@0.5: 0.7461
  fairness_indicators_metrics/recall@0.5: 0.8695
  fairness_indicators_metrics/true_negative_rate@0.5: 0.7543
  fairness_indicators_metrics/true_positive_rate@0.5: 0.8695

================================================================================
  EXTENDED FAIRNESS METRICS
================================================================================

================================================================================
  Baseline Model - Extended Metrics
================================================================================

1. DISPARATE IMPACT (80% Rule)
   Female Rate: 0.5293
   Male Rate:   0.5280
   Ratio:       1.0025
   Fair:        ✓

2. AVERAGE ODDS
   Diff: 0.0461
   Fair: ✓

3. PREDICTIVE PARITY
   Female Prec: 0.6851
   Male Prec:   0.8094
   Diff:        0.1243
   Fair:        ✗

4. NPV EQUALITY (Conditional Use Accuracy)
   Female NPV: 0.8825
   Male NPV:   0.8660
   Diff:       0.0165
   Fair:       ✓

5. PERFORMANCE GAPS (AUC)
   Female AUC: 0.8615
   Male AUC:   0.9049
   AUC Gap:    0.0435
   Fair:       ✓

================================================================================
  SUMMARY: 4/5 Fair
================================================================================

Results saved:
  - baseline_predictions.csv
  - baseline_extended_metrics.json
